error[E0432]: unresolved import `Foo`
  --> $DIR/issue-38054-do-not-show-unresolved-names.rs:4:5
   |
LL | use Foo;
   |     ^^^ no external crate `Foo`

error[E0432]: unresolved import `Foo1`
  --> $DIR/issue-38054-do-not-show-unresolved-names.rs:6:5
   |
LL | use Foo1;
   |     ^^^^ no external crate `Foo1`

error: aborting due to 2 previous errors

For more information about this error, try `rustc --explain E0432`.
