error[E0433]: failed to resolve: `clippy` is a tool module, not a module
  --> $DIR/tool-mod-child.rs:6:5
   |
LL | use clippy::a::b;
   |     ^^^^^^ `clippy` is a tool module, not a module

error[E0432]: unresolved import `clippy`
  --> $DIR/tool-mod-child.rs:5:5
   |
LL | use clippy::a;
   |     ^^^^^^ `clippy` is a tool module, not a module

error[E0433]: failed to resolve: use of unresolved module or unlinked crate `rustdoc`
  --> $DIR/tool-mod-child.rs:10:5
   |
LL | use rustdoc::a::b;
   |     ^^^^^^^ use of unresolved module or unlinked crate `rustdoc`
   |
   = help: you might be missing a crate named `rustdoc`

error[E0432]: unresolved import `rustdoc`
  --> $DIR/tool-mod-child.rs:9:5
   |
LL | use rustdoc::a;
   |     ^^^^^^^ use of unresolved module or unlinked crate `rustdoc`
   |
   = help: you might be missing a crate named `rustdoc`

error: aborting due to 4 previous errors

Some errors have detailed explanations: E0432, E0433.
For more information about an error, try `rustc --explain E0432`.
