error: expected parameter name, found `)`
  --> $DIR/attr-without-param.rs:7:17
   |
LL |     fn f(#[attr]) {}
   |                 ^ expected parameter name

error: expected parameter name, found `)`
  --> $DIR/attr-without-param.rs:12:17
   |
LL |     fn f(#[attr]) {}
   |                 ^ expected parameter name

error: expected parameter name, found `)`
  --> $DIR/attr-without-param.rs:18:17
   |
LL |     fn f(#[attr]);
   |                 ^ expected parameter name

error: aborting due to 3 previous errors

