error[E0642]: patterns aren't allowed in functions without bodies
  --> $DIR/E0642.rs:12:12
   |
LL |     fn foo((x, y): (i32, i32));
   |            ^^^^^^ pattern not allowed in function without body

error: aborting due to 1 previous error

For more information about this error, try `rustc --explain E0642`.
