error: expected expression, found `]`
  --> $DIR/attr-stmt-expr-attr-bad.rs:5:40
   |
LL | #[cfg(false)] fn e() { let _ = [#[attr]]; }
   |                                        ^ expected expression

error: expected one of `!`, `.`, `::`, `;`, `?`, `else`, `{`, or an operator, found `#`
  --> $DIR/attr-stmt-expr-attr-bad.rs:7:35
   |
LL | #[cfg(false)] fn e() { let _ = foo#[attr](); }
   |                                   ^ expected one of 8 possible tokens

error: an inner attribute is not permitted in this context
  --> $DIR/attr-stmt-expr-attr-bad.rs:9:36
   |
LL | #[cfg(false)] fn e() { let _ = foo(#![attr]); }
   |                                    ^^^^^^^^
   |
   = note: inner attributes, like `#![no_std]`, annotate the item enclosing them, and are usually found at the beginning of source files
   = note: outer attributes, like `#[test]`, annotate the item following them

error: an inner attribute is not permitted in this context
  --> $DIR/attr-stmt-expr-attr-bad.rs:9:36
   |
LL | #[cfg(false)] fn e() { let _ = foo(#![attr]); }
   |                                    ^^^^^^^^
   |
   = note: inner attributes, like `#![no_std]`, annotate the item enclosing them, and are usually found at the beginning of source files
   = note: outer attributes, like `#[test]`, annotate the item following them
   = note: duplicate diagnostic emitted due to `-Z deduplicate-diagnostics=no`

error: expected expression, found `)`
  --> $DIR/attr-stmt-expr-attr-bad.rs:9:44
   |
LL | #[cfg(false)] fn e() { let _ = foo(#![attr]); }
   |                                            ^ expected expression

error: an inner attribute is not permitted in this context
  --> $DIR/attr-stmt-expr-attr-bad.rs:13:38
   |
LL | #[cfg(false)] fn e() { let _ = x.foo(#![attr]); }
   |                                      ^^^^^^^^
   |
   = note: inner attributes, like `#![no_std]`, annotate the item enclosing them, and are usually found at the beginning of source files
   = note: outer attributes, like `#[test]`, annotate the item following them

error: expected expression, found `)`
  --> $DIR/attr-stmt-expr-attr-bad.rs:13:46
   |
LL | #[cfg(false)] fn e() { let _ = x.foo(#![attr]); }
   |                                              ^ expected expression

error: an inner attribute is not permitted in this context
  --> $DIR/attr-stmt-expr-attr-bad.rs:16:36
   |
LL | #[cfg(false)] fn e() { let _ = 0 + #![attr] 0; }
   |                                    ^^^^^^^^
   |
   = note: inner attributes, like `#![no_std]`, annotate the item enclosing them, and are usually found at the beginning of source files
   = note: outer attributes, like `#[test]`, annotate the item following them

error: an inner attribute is not permitted in this context
  --> $DIR/attr-stmt-expr-attr-bad.rs:18:33
   |
LL | #[cfg(false)] fn e() { let _ = !#![attr] 0; }
   |                                 ^^^^^^^^
   |
   = note: inner attributes, like `#![no_std]`, annotate the item enclosing them, and are usually found at the beginning of source files
   = note: outer attributes, like `#[test]`, annotate the item following them

error: an inner attribute is not permitted in this context
  --> $DIR/attr-stmt-expr-attr-bad.rs:20:33
   |
LL | #[cfg(false)] fn e() { let _ = -#![attr] 0; }
   |                                 ^^^^^^^^
   |
   = note: inner attributes, like `#![no_std]`, annotate the item enclosing them, and are usually found at the beginning of source files
   = note: outer attributes, like `#[test]`, annotate the item following them

error: expected one of `!`, `.`, `::`, `;`, `?`, `else`, `{`, or an operator, found `#`
  --> $DIR/attr-stmt-expr-attr-bad.rs:22:34
   |
LL | #[cfg(false)] fn e() { let _ = x #![attr] as Y; }
   |                                  ^ expected one of 8 possible tokens

error: an inner attribute is not permitted in this context
  --> $DIR/attr-stmt-expr-attr-bad.rs:24:35
   |
LL | #[cfg(false)] fn e() { let _ = || #![attr] foo; }
   |                                   ^^^^^^^^
   |
   = note: inner attributes, like `#![no_std]`, annotate the item enclosing them, and are usually found at the beginning of source files
   = note: outer attributes, like `#[test]`, annotate the item following them

error: an inner attribute is not permitted in this context
  --> $DIR/attr-stmt-expr-attr-bad.rs:26:40
   |
LL | #[cfg(false)] fn e() { let _ = move || #![attr] foo; }
   |                                        ^^^^^^^^
   |
   = note: inner attributes, like `#![no_std]`, annotate the item enclosing them, and are usually found at the beginning of source files
   = note: outer attributes, like `#[test]`, annotate the item following them

error: an inner attribute is not permitted in this context
  --> $DIR/attr-stmt-expr-attr-bad.rs:28:35
   |
LL | #[cfg(false)] fn e() { let _ = || #![attr] {foo}; }
   |                                   ^^^^^^^^
   |
   = note: inner attributes, like `#![no_std]`, annotate the item enclosing them, and are usually found at the beginning of source files
   = note: outer attributes, like `#[test]`, annotate the item following them

error: an inner attribute is not permitted in this context
  --> $DIR/attr-stmt-expr-attr-bad.rs:30:40
   |
LL | #[cfg(false)] fn e() { let _ = move || #![attr] {foo}; }
   |                                        ^^^^^^^^
   |
   = note: inner attributes, like `#![no_std]`, annotate the item enclosing them, and are usually found at the beginning of source files
   = note: outer attributes, like `#[test]`, annotate the item following them

error: attributes are not allowed on range expressions starting with `..`
  --> $DIR/attr-stmt-expr-attr-bad.rs:32:40
   |
LL | #[cfg(false)] fn e() { let _ = #[attr] ..#[attr] 0; }
   |                                        ^^

error: attributes are not allowed on range expressions starting with `..`
  --> $DIR/attr-stmt-expr-attr-bad.rs:34:40
   |
LL | #[cfg(false)] fn e() { let _ = #[attr] ..; }
   |                                        ^^

error: an inner attribute is not permitted in this context
  --> $DIR/attr-stmt-expr-attr-bad.rs:36:41
   |
LL | #[cfg(false)] fn e() { let _ = #[attr] &#![attr] 0; }
   |                                         ^^^^^^^^
   |
   = note: inner attributes, like `#![no_std]`, annotate the item enclosing them, and are usually found at the beginning of source files
   = note: outer attributes, like `#[test]`, annotate the item following them

error: an inner attribute is not permitted in this context
  --> $DIR/attr-stmt-expr-attr-bad.rs:38:45
   |
LL | #[cfg(false)] fn e() { let _ = #[attr] &mut #![attr] 0; }
   |                                             ^^^^^^^^
   |
   = note: inner attributes, like `#![no_std]`, annotate the item enclosing them, and are usually found at the beginning of source files
   = note: outer attributes, like `#[test]`, annotate the item following them

error: outer attributes are not allowed on `if` and `else` branches
  --> $DIR/attr-stmt-expr-attr-bad.rs:40:37
   |
LL | #[cfg(false)] fn e() { let _ = if 0 #[attr] {}; }
   |                                --   ^^^^^^^ -- the attributes are attached to this branch
   |                                |
   |                                the branch belongs to this `if`
   |
help: remove the attributes
   |
LL - #[cfg(false)] fn e() { let _ = if 0 #[attr] {}; }
LL + #[cfg(false)] fn e() { let _ = if 0 {}; }
   |

error: an inner attribute is not permitted in this context
  --> $DIR/attr-stmt-expr-attr-bad.rs:42:38
   |
LL | #[cfg(false)] fn e() { let _ = if 0 {#![attr]}; }
   |                                      ^^^^^^^^
   |
   = note: inner attributes, like `#![no_std]`, annotate the item enclosing them, and are usually found at the beginning of source files
   = note: outer attributes, like `#[test]`, annotate the item following them

error: expected one of `.`, `;`, `?`, `else`, or an operator, found `#`
  --> $DIR/attr-stmt-expr-attr-bad.rs:44:40
   |
LL | #[cfg(false)] fn e() { let _ = if 0 {} #[attr] else {}; }
   |                                        ^ expected one of `.`, `;`, `?`, `else`, or an operator

error: outer attributes are not allowed on `if` and `else` branches
  --> $DIR/attr-stmt-expr-attr-bad.rs:46:45
   |
LL | #[cfg(false)] fn e() { let _ = if 0 {} else #[attr] {}; }
   |                                        ---- ^^^^^^^ -- the attributes are attached to this branch
   |                                        |
   |                                        the branch belongs to this `else`
   |
help: remove the attributes
   |
LL - #[cfg(false)] fn e() { let _ = if 0 {} else #[attr] {}; }
LL + #[cfg(false)] fn e() { let _ = if 0 {} else {}; }
   |

error: an inner attribute is not permitted in this context
  --> $DIR/attr-stmt-expr-attr-bad.rs:48:46
   |
LL | #[cfg(false)] fn e() { let _ = if 0 {} else {#![attr]}; }
   |                                              ^^^^^^^^
   |
   = note: inner attributes, like `#![no_std]`, annotate the item enclosing them, and are usually found at the beginning of source files
   = note: outer attributes, like `#[test]`, annotate the item following them

error: outer attributes are not allowed on `if` and `else` branches
  --> $DIR/attr-stmt-expr-attr-bad.rs:50:45
   |
LL | #[cfg(false)] fn e() { let _ = if 0 {} else #[attr] if 0 {}; }
   |                                        ---- ^^^^^^^ ------- the attributes are attached to this branch
   |                                        |
   |                                        the branch belongs to this `else`
   |
help: remove the attributes
   |
LL - #[cfg(false)] fn e() { let _ = if 0 {} else #[attr] if 0 {}; }
LL + #[cfg(false)] fn e() { let _ = if 0 {} else if 0 {}; }
   |

error: outer attributes are not allowed on `if` and `else` branches
  --> $DIR/attr-stmt-expr-attr-bad.rs:52:50
   |
LL | #[cfg(false)] fn e() { let _ = if 0 {} else if 0 #[attr] {}; }
   |                                             --   ^^^^^^^ -- the attributes are attached to this branch
   |                                             |
   |                                             the branch belongs to this `if`
   |
help: remove the attributes
   |
LL - #[cfg(false)] fn e() { let _ = if 0 {} else if 0 #[attr] {}; }
LL + #[cfg(false)] fn e() { let _ = if 0 {} else if 0 {}; }
   |

error: an inner attribute is not permitted in this context
  --> $DIR/attr-stmt-expr-attr-bad.rs:54:51
   |
LL | #[cfg(false)] fn e() { let _ = if 0 {} else if 0 {#![attr]}; }
   |                                                   ^^^^^^^^
   |
   = note: inner attributes, like `#![no_std]`, annotate the item enclosing them, and are usually found at the beginning of source files
   = note: outer attributes, like `#[test]`, annotate the item following them

error: outer attributes are not allowed on `if` and `else` branches
  --> $DIR/attr-stmt-expr-attr-bad.rs:56:45
   |
LL | #[cfg(false)] fn e() { let _ = if let _ = 0 #[attr] {}; }
   |                                --           ^^^^^^^ -- the attributes are attached to this branch
   |                                |
   |                                the branch belongs to this `if`
   |
help: remove the attributes
   |
LL - #[cfg(false)] fn e() { let _ = if let _ = 0 #[attr] {}; }
LL + #[cfg(false)] fn e() { let _ = if let _ = 0 {}; }
   |

error: an inner attribute is not permitted in this context
  --> $DIR/attr-stmt-expr-attr-bad.rs:58:46
   |
LL | #[cfg(false)] fn e() { let _ = if let _ = 0 {#![attr]}; }
   |                                              ^^^^^^^^
   |
   = note: inner attributes, like `#![no_std]`, annotate the item enclosing them, and are usually found at the beginning of source files
   = note: outer attributes, like `#[test]`, annotate the item following them

error: expected one of `.`, `;`, `?`, `else`, or an operator, found `#`
  --> $DIR/attr-stmt-expr-attr-bad.rs:60:48
   |
LL | #[cfg(false)] fn e() { let _ = if let _ = 0 {} #[attr] else {}; }
   |                                                ^ expected one of `.`, `;`, `?`, `else`, or an operator

error: outer attributes are not allowed on `if` and `else` branches
  --> $DIR/attr-stmt-expr-attr-bad.rs:62:53
   |
LL | #[cfg(false)] fn e() { let _ = if let _ = 0 {} else #[attr] {}; }
   |                                                ---- ^^^^^^^ -- the attributes are attached to this branch
   |                                                |
   |                                                the branch belongs to this `else`
   |
help: remove the attributes
   |
LL - #[cfg(false)] fn e() { let _ = if let _ = 0 {} else #[attr] {}; }
LL + #[cfg(false)] fn e() { let _ = if let _ = 0 {} else {}; }
   |

error: an inner attribute is not permitted in this context
  --> $DIR/attr-stmt-expr-attr-bad.rs:64:54
   |
LL | #[cfg(false)] fn e() { let _ = if let _ = 0 {} else {#![attr]}; }
   |                                                      ^^^^^^^^
   |
   = note: inner attributes, like `#![no_std]`, annotate the item enclosing them, and are usually found at the beginning of source files
   = note: outer attributes, like `#[test]`, annotate the item following them

error: outer attributes are not allowed on `if` and `else` branches
  --> $DIR/attr-stmt-expr-attr-bad.rs:66:53
   |
LL | #[cfg(false)] fn e() { let _ = if let _ = 0 {} else #[attr] if let _ = 0 {}; }
   |                                                ---- ^^^^^^^ --------------- the attributes are attached to this branch
   |                                                |
   |                                                the branch belongs to this `else`
   |
help: remove the attributes
   |
LL - #[cfg(false)] fn e() { let _ = if let _ = 0 {} else #[attr] if let _ = 0 {}; }
LL + #[cfg(false)] fn e() { let _ = if let _ = 0 {} else if let _ = 0 {}; }
   |

error: outer attributes are not allowed on `if` and `else` branches
  --> $DIR/attr-stmt-expr-attr-bad.rs:68:66
   |
LL | #[cfg(false)] fn e() { let _ = if let _ = 0 {} else if let _ = 0 #[attr] {}; }
   |                                                     --           ^^^^^^^ -- the attributes are attached to this branch
   |                                                     |
   |                                                     the branch belongs to this `if`
   |
help: remove the attributes
   |
LL - #[cfg(false)] fn e() { let _ = if let _ = 0 {} else if let _ = 0 #[attr] {}; }
LL + #[cfg(false)] fn e() { let _ = if let _ = 0 {} else if let _ = 0 {}; }
   |

error: an inner attribute is not permitted in this context
  --> $DIR/attr-stmt-expr-attr-bad.rs:70:67
   |
LL | #[cfg(false)] fn e() { let _ = if let _ = 0 {} else if let _ = 0 {#![attr]}; }
   |                                                                   ^^^^^^^^
   |
   = note: inner attributes, like `#![no_std]`, annotate the item enclosing them, and are usually found at the beginning of source files
   = note: outer attributes, like `#[test]`, annotate the item following them

error: an inner attribute is not permitted following an outer attribute
  --> $DIR/attr-stmt-expr-attr-bad.rs:73:32
   |
LL | #[cfg(false)] fn s() { #[attr] #![attr] let _ = 0; }
   |                        ------- ^^^^^^^^ not permitted following an outer attribute
   |                        |
   |                        previous outer attribute
   |
   = note: inner attributes, like `#![no_std]`, annotate the item enclosing them, and are usually found at the beginning of source files
   = note: outer attributes, like `#[test]`, annotate the item following them

error: an inner attribute is not permitted following an outer attribute
  --> $DIR/attr-stmt-expr-attr-bad.rs:75:32
   |
LL | #[cfg(false)] fn s() { #[attr] #![attr] 0; }
   |                        ------- ^^^^^^^^ not permitted following an outer attribute
   |                        |
   |                        previous outer attribute
   |
   = note: inner attributes, like `#![no_std]`, annotate the item enclosing them, and are usually found at the beginning of source files
   = note: outer attributes, like `#[test]`, annotate the item following them

error: an inner attribute is not permitted following an outer attribute
  --> $DIR/attr-stmt-expr-attr-bad.rs:77:32
   |
LL | #[cfg(false)] fn s() { #[attr] #![attr] foo!(); }
   |                        ------- ^^^^^^^^ ------- the inner attribute doesn't annotate this item macro invocation
   |                        |       |
   |                        |       not permitted following an outer attribute
   |                        previous outer attribute
   |
   = note: inner attributes, like `#![no_std]`, annotate the item enclosing them, and are usually found at the beginning of source files

error: an inner attribute is not permitted following an outer attribute
  --> $DIR/attr-stmt-expr-attr-bad.rs:79:32
   |
LL | #[cfg(false)] fn s() { #[attr] #![attr] foo![]; }
   |                        ------- ^^^^^^^^ ------- the inner attribute doesn't annotate this item macro invocation
   |                        |       |
   |                        |       not permitted following an outer attribute
   |                        previous outer attribute
   |
   = note: inner attributes, like `#![no_std]`, annotate the item enclosing them, and are usually found at the beginning of source files

error: an inner attribute is not permitted following an outer attribute
  --> $DIR/attr-stmt-expr-attr-bad.rs:81:32
   |
LL | #[cfg(false)] fn s() { #[attr] #![attr] foo!{}; }
   |                        ------- ^^^^^^^^ ------ the inner attribute doesn't annotate this item macro invocation
   |                        |       |
   |                        |       not permitted following an outer attribute
   |                        previous outer attribute
   |
   = note: inner attributes, like `#![no_std]`, annotate the item enclosing them, and are usually found at the beginning of source files

error[E0586]: inclusive range with no end
  --> $DIR/attr-stmt-expr-attr-bad.rs:87:35
   |
LL | #[cfg(false)] fn e() { match 0 { 0..=#[attr] 10 => () } }
   |                                   ^^^
   |
   = note: inclusive ranges must be bounded at the end (`..=b` or `a..=b`)
help: use `..` instead
   |
LL - #[cfg(false)] fn e() { match 0 { 0..=#[attr] 10 => () } }
LL + #[cfg(false)] fn e() { match 0 { 0..#[attr] 10 => () } }
   |

error: expected one of `=>`, `if`, or `|`, found `#`
  --> $DIR/attr-stmt-expr-attr-bad.rs:87:38
   |
LL | #[cfg(false)] fn e() { match 0 { 0..=#[attr] 10 => () } }
   |                                      ^ expected one of `=>`, `if`, or `|`

error[E0586]: inclusive range with no end
  --> $DIR/attr-stmt-expr-attr-bad.rs:90:35
   |
LL | #[cfg(false)] fn e() { match 0 { 0..=#[attr] -10 => () } }
   |                                   ^^^
   |
   = note: inclusive ranges must be bounded at the end (`..=b` or `a..=b`)
help: use `..` instead
   |
LL - #[cfg(false)] fn e() { match 0 { 0..=#[attr] -10 => () } }
LL + #[cfg(false)] fn e() { match 0 { 0..#[attr] -10 => () } }
   |

error: expected one of `=>`, `if`, or `|`, found `#`
  --> $DIR/attr-stmt-expr-attr-bad.rs:90:38
   |
LL | #[cfg(false)] fn e() { match 0 { 0..=#[attr] -10 => () } }
   |                                      ^ expected one of `=>`, `if`, or `|`

error: unexpected token: `#`
  --> $DIR/attr-stmt-expr-attr-bad.rs:93:39
   |
LL | #[cfg(false)] fn e() { match 0 { 0..=-#[attr] 10 => () } }
   |                                       ^

error[E0586]: inclusive range with no end
  --> $DIR/attr-stmt-expr-attr-bad.rs:95:35
   |
LL | #[cfg(false)] fn e() { match 0 { 0..=#[attr] FOO => () } }
   |                                   ^^^
   |
   = note: inclusive ranges must be bounded at the end (`..=b` or `a..=b`)
help: use `..` instead
   |
LL - #[cfg(false)] fn e() { match 0 { 0..=#[attr] FOO => () } }
LL + #[cfg(false)] fn e() { match 0 { 0..#[attr] FOO => () } }
   |

error: expected one of `=>`, `if`, or `|`, found `#`
  --> $DIR/attr-stmt-expr-attr-bad.rs:95:38
   |
LL | #[cfg(false)] fn e() { match 0 { 0..=#[attr] FOO => () } }
   |                                      ^ expected one of `=>`, `if`, or `|`

error: unexpected token: `#`
  --> $DIR/attr-stmt-expr-attr-bad.rs:99:34
   |
LL | #[cfg(false)] fn e() { let _ = x.#![attr]foo(); }
   |                                  ^

error: expected one of `.`, `;`, `?`, `else`, or an operator, found `#`
  --> $DIR/attr-stmt-expr-attr-bad.rs:99:34
   |
LL | #[cfg(false)] fn e() { let _ = x.#![attr]foo(); }
   |                                  ^ expected one of `.`, `;`, `?`, `else`, or an operator

error: unexpected token: `#`
  --> $DIR/attr-stmt-expr-attr-bad.rs:102:34
   |
LL | #[cfg(false)] fn e() { let _ = x.#[attr]foo(); }
   |                                  ^

error: expected one of `.`, `;`, `?`, `else`, or an operator, found `#`
  --> $DIR/attr-stmt-expr-attr-bad.rs:102:34
   |
LL | #[cfg(false)] fn e() { let _ = x.#[attr]foo(); }
   |                                  ^ expected one of `.`, `;`, `?`, `else`, or an operator

error: expected statement after outer attribute
  --> $DIR/attr-stmt-expr-attr-bad.rs:107:37
   |
LL | #[cfg(false)] fn e() { { fn foo() { #[attr]; } } }
   |                                     ^^^^^^^

error: expected statement after outer attribute
  --> $DIR/attr-stmt-expr-attr-bad.rs:109:37
   |
LL | #[cfg(false)] fn e() { { fn foo() { #[attr] } } }
   |                                     ^^^^^^^

error: aborting due to 53 previous errors

For more information about this error, try `rustc --explain E0586`.
