error[E0594]: cannot assign to `x`, as it is not declared as mutable
  --> $DIR/closure-captures.rs:9:5
   |
LL |     x = 1;
   |     ^^^^^ cannot assign
   |
help: consider changing this to be mutable
   |
LL | fn one_closure(mut x: i32) {
   |                +++

error[E0594]: cannot assign to `x`, as it is not declared as mutable
  --> $DIR/closure-captures.rs:11:5
   |
LL |     x = 1;
   |     ^^^^^ cannot assign
   |
help: consider changing this to be mutable
   |
LL | fn one_closure(mut x: i32) {
   |                +++

error[E0594]: cannot assign to `x`, as it is not declared as mutable
  --> $DIR/closure-captures.rs:17:9
   |
LL |         x = 1;
   |         ^^^^^ cannot assign
   |
help: consider changing this to be mutable
   |
LL | fn two_closures(mut x: i32) {
   |                 +++

error[E0594]: cannot assign to `x`, as it is not declared as mutable
  --> $DIR/closure-captures.rs:21:9
   |
LL |         x = 1;
   |         ^^^^^ cannot assign
   |
help: consider changing this to be mutable
   |
LL | fn two_closures(mut x: i32) {
   |                 +++

error[E0596]: cannot borrow `x` as mutable, as it is a captured variable in a `Fn` closure
  --> $DIR/closure-captures.rs:29:9
   |
LL | fn fn_ref<F: Fn()>(f: F) -> F { f }
   |                       - change this to accept `FnMut` instead of `Fn`
...
LL |     fn_ref(|| {
   |     ------ -- in this closure
   |     |
   |     expects `Fn` instead of `FnMut`
LL |         ||
   |         ^^ cannot borrow as mutable
LL |          x = 1;}
   |          - mutable borrow occurs due to use of `x` in closure

error[E0596]: cannot borrow `x` as mutable, as it is a captured variable in a `Fn` closure
  --> $DIR/closure-captures.rs:33:9
   |
LL | fn fn_ref<F: Fn()>(f: F) -> F { f }
   |                       - change this to accept `FnMut` instead of `Fn`
...
LL |     fn_ref(move || {
   |     ------ ------- in this closure
   |     |
   |     expects `Fn` instead of `FnMut`
LL |         ||
   |         ^^ cannot borrow as mutable
LL |     x = 1;});
   |     - mutable borrow occurs due to use of `x` in closure

error[E0594]: cannot assign to `x`, as it is not declared as mutable
  --> $DIR/closure-captures.rs:41:10
   |
LL |          x = 1;}
   |          ^^^^^ cannot assign
   |
help: consider changing this to be mutable
   |
LL | fn two_closures_ref(mut x: i32) {
   |                     +++

error[E0596]: cannot borrow `x` as mutable, as it is a captured variable in a `Fn` closure
  --> $DIR/closure-captures.rs:40:9
   |
LL | fn fn_ref<F: Fn()>(f: F) -> F { f }
   |                       - change this to accept `FnMut` instead of `Fn`
...
LL |     fn_ref(|| {
   |     ------ -- in this closure
   |     |
   |     expects `Fn` instead of `FnMut`
LL |         ||
   |         ^^ cannot borrow as mutable
LL |          x = 1;}
   |          - mutable borrow occurs due to use of `x` in closure

error[E0594]: cannot assign to `x`, as it is not declared as mutable
  --> $DIR/closure-captures.rs:45:5
   |
LL |     x = 1;});
   |     ^^^^^ cannot assign
   |
help: consider changing this to be mutable
   |
LL | fn two_closures_ref(mut x: i32) {
   |                     +++

error[E0596]: cannot borrow `x` as mutable, as it is a captured variable in a `Fn` closure
  --> $DIR/closure-captures.rs:44:9
   |
LL | fn fn_ref<F: Fn()>(f: F) -> F { f }
   |                       - change this to accept `FnMut` instead of `Fn`
...
LL |     fn_ref(move || {
   |     ------ ------- in this closure
   |     |
   |     expects `Fn` instead of `FnMut`
LL |         ||
   |         ^^ cannot borrow as mutable
LL |     x = 1;});
   |     - mutable borrow occurs due to use of `x` in closure

error[E0596]: cannot borrow `x` as mutable, as it is a captured variable in a `Fn` closure
  --> $DIR/closure-captures.rs:50:9
   |
LL | fn fn_ref<F: Fn()>(f: F) -> F { f }
   |                       - change this to accept `FnMut` instead of `Fn`
...
LL |     fn_ref(|| {
   |     ------ -- in this closure
   |     |
   |     expects `Fn` instead of `FnMut`
LL |         ||
   |         ^^ cannot borrow as mutable
LL |         *x = 1;});
   |         -- mutable borrow occurs due to use of `x` in closure

error[E0596]: cannot borrow `x` as mutable, as it is a captured variable in a `Fn` closure
  --> $DIR/closure-captures.rs:53:9
   |
LL | fn fn_ref<F: Fn()>(f: F) -> F { f }
   |                       - change this to accept `FnMut` instead of `Fn`
...
LL |     fn_ref(move || {
   |     ------ ------- in this closure
   |     |
   |     expects `Fn` instead of `FnMut`
LL |         ||
   |         ^^ cannot borrow as mutable
LL |         *x = 1;});
   |         -- mutable borrow occurs due to use of `x` in closure

error: aborting due to 12 previous errors

Some errors have detailed explanations: E0594, E0596.
For more information about an error, try `rustc --explain E0594`.
