error: `$ty:ty` is followed by `<`, which is not allowed for `ty` fragments
  --> $DIR/macro-input-future-proofing.rs:8:13
   |
LL |     ($ty:ty <) => ();
   |             ^ not allowed after `ty` fragments
   |
   = note: allowed there are: `{`, `[`, `=>`, `,`, `>`, `=`, `:`, `;`, `|`, `as` or `where`

error: `$ty:ty` is followed by `<`, which is not allowed for `ty` fragments
  --> $DIR/macro-input-future-proofing.rs:9:13
   |
LL |     ($ty:ty < foo ,) => ();
   |             ^ not allowed after `ty` fragments
   |
   = note: allowed there are: `{`, `[`, `=>`, `,`, `>`, `=`, `:`, `;`, `|`, `as` or `where`

error: `$pa:pat` is followed by `>`, which is not allowed for `pat` fragments
  --> $DIR/macro-input-future-proofing.rs:15:14
   |
LL |     ($pa:pat >) => ();
   |              ^ not allowed after `pat` fragments
   |
   = note: allowed there are: `=>`, `,`, `=`, `if` or `in`

error: `$pa:pat` is followed by `$pb:pat`, which is not allowed for `pat` fragments
  --> $DIR/macro-input-future-proofing.rs:17:14
   |
LL |     ($pa:pat $pb:pat $ty:ty ,) => ();
   |              ^^^^^^^ not allowed after `pat` fragments
   |
   = note: allowed there are: `=>`, `,`, `=`, `if` or `in`

error: `$pb:pat` is followed by `$ty:ty`, which is not allowed for `pat` fragments
  --> $DIR/macro-input-future-proofing.rs:17:22
   |
LL |     ($pa:pat $pb:pat $ty:ty ,) => ();
   |                      ^^^^^^ not allowed after `pat` fragments
   |
   = note: allowed there are: `=>`, `,`, `=`, `if` or `in`

error: `$ty:ty` is followed by `-`, which is not allowed for `ty` fragments
  --> $DIR/macro-input-future-proofing.rs:20:17
   |
LL |     ($($ty:ty)* -) => ();
   |                 ^ not allowed after `ty` fragments
   |
   = note: allowed there are: `{`, `[`, `=>`, `,`, `>`, `=`, `:`, `;`, `|`, `as` or `where`

error: `$b:ty` is followed by `-`, which is not allowed for `ty` fragments
  --> $DIR/macro-input-future-proofing.rs:21:23
   |
LL |     ($($a:ty, $b:ty)* -) => ();
   |                       ^ not allowed after `ty` fragments
   |
   = note: allowed there are: `{`, `[`, `=>`, `,`, `>`, `=`, `:`, `;`, `|`, `as` or `where`

error: `$ty:ty` is followed by `-`, which is not allowed for `ty` fragments
  --> $DIR/macro-input-future-proofing.rs:22:15
   |
LL |     ($($ty:ty)-+) => ();
   |               ^ not allowed after `ty` fragments
   |
   = note: allowed there are: `{`, `[`, `=>`, `,`, `>`, `=`, `:`, `;`, `|`, `as` or `where`

error: `$a:expr` is followed by `$b:tt`, which is not allowed for `expr` fragments
  --> $DIR/macro-input-future-proofing.rs:23:21
   |
LL |     ( $($a:expr)* $($b:tt)* ) => { };
   |                     ^^^^^ not allowed after `expr` fragments
   |
   = note: allowed there are: `=>`, `,` or `;`

error: aborting due to 9 previous errors

