
running 1 test
test should_panic_with_substring_panics_with_non_string_value - should panic ... FAILED

failures:

---- should_panic_with_substring_panics_with_non_string_value stdout ----
note: expected panic with string value,
 found non-string value: `TypeId($HEX)`
     expected substring: "message"

failures:
    should_panic_with_substring_panics_with_non_string_value

test result: FAILED. 0 passed; 1 failed; 0 ignored; 0 measured; 0 filtered out; finished in $TIME

