
thread 'should_panic_with_substring_panics_with_non_string_value' panicked at $DIR/test-should-panic-failed-show-span-non-fmt.rs:16:5:
Box<dyn Any>
note: run with `RUST_BACKTRACE=1` environment variable to display a backtrace
