
thread 'should_panic_with_any_message' panicked at $DIR/test-should-panic-failed-show-span.rs:13:5:
Panic!
note: run with `RUST_BACKTRACE=1` environment variable to display a backtrace

thread 'should_panic_with_message' panicked at $DIR/test-should-panic-failed-show-span.rs:19:5:
message

thread 'should_panic_with_substring_panics_with_incorrect_string' panicked at $DIR/test-should-panic-failed-show-span.rs:37:5:
ZOMGWTFBBQ
